
> electrician@0.0.1 build
> astro build

[2m19:29:06[22m [34m[content][39m Syncing content
[2m19:29:06[22m [34m[content][39m Synced content
[2m19:29:06[22m [34m[types][39m Generated [2m135ms[22m
[2m19:29:06[22m [34m[build][39m output: [34m"static"[39m
[2m19:29:06[22m [34m[build][39m mode: [34m"static"[39m
[2m19:29:06[22m [34m[build][39m directory: [34mC:\Users\nicol\OneDrive\Desktop\the websites\trades\electrician\dist\[39m
[2m19:29:06[22m [34m[build][39m Collecting build info...
[2m19:29:06[22m [34m[build][39m [32mÔ£ô Completed in 198ms.[39m
[2m19:29:06[22m [34m[build][39m Building static entrypoints...
node.exe : [31m[1m
19:29:07[22m 
[ERROR] [vite][39m 
[31mÔ£ù[39m Build 
failed in 1.41s
At line:1 char:1
+ & "C:\Program File
s\nodejs/node.exe" "
C:\Users\nicol\AppDa
ta\Roaming\ ...
+ ~~~~~~~~~~~~~~~~~~
~~~~~~~~~~~~~~~~~~~~
~~~~~~~~~~~~~~~~~~~~
~~~~~~~~~~~
    + CategoryInfo  
            : NotS  
  pecified: ([31   
 m[1m19:29:...f    
ailed in 1.41s:    
String) [], Rem    
oteException
    + FullyQualifie 
   dErrorId : Nati  
  veCommandError
 
Could not resolve ".
./components/StickyC
TA.jsx" from "src/la
youts/Layout.astro"
file: C:/Users/nicol
/OneDrive/Desktop/th
e websites/trades/el
ectrician/src/layout
s/Layout.astro
  [1mStack 
trace:[22m
[2m    at 
getRollupError (file
:///C:/Users/nicol/O
neDrive/Desktop/the%
20websites/trades/el
ectrician/node_modul
es/rollup/dist/es/sh
ared/parseAst.js:401
:41)
    at ModuleLoader.
handleInvalidResolve
dId (file:///C:/User
s/nicol/OneDrive/Des
ktop/the%20websites/
trades/electrician/n
ode_modules/rollup/d
ist/es/shared/node-e
ntry.js:21590:24)[2
2m
